I'm sorry, but errors were detected in your script. Please correct the
errors listed below, and try again.


File "game/script.rpy", line 55: expected statement.
    name = renpy.input("What is your name") or "Protag"
         ^

File "game/script.rpy", line 57: expected statement.
    gender = renpy.input("Enter your gender") or "male"
           ^

Ren'Py Version: Ren'Py 7.3.5.606
Sun Jun 07 12:16:36 2020
